// Jest Snapshot v1, https://goo.gl/fbAQLP

exports[`Badge should render properly 1`] = `
.c0 {
  box-sizing: border-box;
  background-color: #2E2E2E;
  border: 1px solid #2E2E2E;
  color: #fff;
  border-radius: 10px;
  display: -webkit-inline-box;
  display: -webkit-inline-flex;
  display: -ms-inline-flexbox;
  display: inline-flex;
  font-size: 12px;
  font-weight: 700;
  -webkit-box-pack: center;
  -webkit-justify-content: center;
  -ms-flex-pack: center;
  justify-content: center;
  line-height: 18px;
  height: 20px;
  padding: 0 5px;
  min-width: 20px;
}

<sup
  class="c0"
>
  4
</sup>
`;
