// Jest Snapshot v1, https://goo.gl/fbAQLP

exports[`Box should render properly 1`] = `
.c0 {
  box-sizing: border-box;
  width: 100%;
  border: 1px solid #000;
  text-transform: uppercase;
}

@media screen and (min-width:360px) {
  .c0 {
    width: 30%;
  }
}

@media screen and (min-width:768px) {
  .c0 {
    padding-left: 10px;
    padding-right: 10px;
    padding-top: 20px;
    padding-bottom: 20px;
  }
}

<div
  class="c0 box"
>
  Far far away, behind the word mountains, far from the countries Vokalia and Consonantia, there live the blind texts. Separated they live in Bookmarksgrove right at the coast of the Semantics, a large language ocean. A small river named Duden flows by their place and supplies it with the necessary regelialia. It is a paradisematic country, in which roasted parts of sentences fly into your mouth.
</div>
`;
