// Jest Snapshot v1, https://goo.gl/fbAQLP

exports[`ButtonGroup should render properly 1`] = `
.c0 {
  box-sizing: border-box;
  display: -webkit-inline-box;
  display: -webkit-inline-flex;
  display: -ms-inline-flexbox;
  display: inline-flex;
}

.c0 > button + button {
  margin-left: -1px;
}

.c0 > button:first-child {
  border-bottom-right-radius: 0;
  border-top-right-radius: 0;
}

.c0 > button:last-child {
  border-bottom-left-radius: 0;
  border-top-left-radius: 0;
}

.c0 > button:not(:first-child):not(:last-child) {
  border-radius: 0;
}

.c1 {
  box-sizing: border-box;
  background-color: transparent;
  border: 1px solid #2E2E2E;
  color: #2E2E2E;
  -webkit-align-items: center;
  -webkit-box-align: center;
  -ms-flex-align: center;
  align-items: center;
  border-radius: 0px;
  box-shadow: none;
  cursor: pointer;
  display: -webkit-inline-box;
  display: -webkit-inline-flex;
  display: -ms-inline-flexbox;
  display: inline-flex;
  font-family: inherit;
  font-size: 16px;
  line-height: 1;
  padding: 8px 14px;
  -webkit-text-decoration: none;
  text-decoration: none;
  width: auto;
}

.c1:disabled {
  opacity: 0.7;
  pointer-events: none;
}

.c1:focus {
  outline-color: #2E2E2E;
}

.c1 .c3 {
  margin-left: 5px;
}

.c2 {
  box-sizing: border-box;
  background-color: #2E2E2E;
  border: 1px solid #2E2E2E;
  color: #fff;
  -webkit-align-items: center;
  -webkit-box-align: center;
  -ms-flex-align: center;
  align-items: center;
  border-radius: 0px;
  box-shadow: none;
  cursor: pointer;
  display: -webkit-inline-box;
  display: -webkit-inline-flex;
  display: -ms-inline-flexbox;
  display: inline-flex;
  font-family: inherit;
  font-size: 16px;
  line-height: 1;
  padding: 8px 14px;
  -webkit-text-decoration: none;
  text-decoration: none;
  width: auto;
}

.c2:disabled {
  opacity: 0.7;
  pointer-events: none;
}

.c2:focus {
  outline-color: #2E2E2E;
}

.c2 .c3 {
  margin-left: 5px;
}

<div
  class="c0"
>
  <button
    class="c1"
    type="button"
  >
    First
  </button>
  <button
    class="c2"
    type="button"
  >
    Second
  </button>
  <button
    class="c1"
    type="button"
  >
    Third
  </button>
  <button
    class="c1"
    type="button"
  >
    Forth
  </button>
</div>
`;
