// Jest Snapshot v1, https://goo.gl/fbAQLP

exports[`Group should render properly 1`] = `
.c3 {
  box-sizing: border-box;
  background-color: #2E2E2E;
  border: 1px solid #2E2E2E;
  color: #fff;
  border-radius: 10px;
  display: -webkit-inline-box;
  display: -webkit-inline-flex;
  display: -ms-inline-flexbox;
  display: inline-flex;
  font-size: 12px;
  font-weight: 700;
  -webkit-box-pack: center;
  -webkit-justify-content: center;
  -ms-flex-pack: center;
  justify-content: center;
  line-height: 18px;
  height: 20px;
  padding: 0 5px;
  min-width: 20px;
}

.c1 {
  box-sizing: border-box;
  background-color: #2E2E2E;
  border: 1px solid #2E2E2E;
  color: #fff;
  -webkit-align-items: center;
  -webkit-box-align: center;
  -ms-flex-align: center;
  align-items: center;
  border-radius: 0px;
  box-shadow: none;
  cursor: pointer;
  display: -webkit-inline-box;
  display: -webkit-inline-flex;
  display: -ms-inline-flexbox;
  display: inline-flex;
  font-family: inherit;
  font-size: 16px;
  line-height: 1;
  padding: 8px 14px;
  -webkit-text-decoration: none;
  text-decoration: none;
  width: auto;
}

.c1:disabled {
  opacity: 0.7;
  pointer-events: none;
}

.c1:focus {
  outline-color: #2E2E2E;
}

.c1 .c2 {
  margin-left: 5px;
}

.c0 {
  box-sizing: border-box;
  -webkit-align-items: center;
  -webkit-box-align: center;
  -ms-flex-align: center;
  align-items: center;
  display: -webkit-box;
  display: -webkit-flex;
  display: -ms-flexbox;
  display: flex;
  -webkit-flex-wrap: wrap;
  -ms-flex-wrap: wrap;
  flex-wrap: wrap;
}

.c0 > *:not(:first-child) {
  margin-left: 8px;
}

<div
  class="c0"
>
  <button
    class="c1"
    type="button"
  >
    Hey
  </button>
  <sup
    class="c2 c3"
  >
    Ho
  </sup>
</div>
`;
