// Jest Snapshot v1, https://goo.gl/fbAQLP

exports[`Loader should render properly 1`] = `
.c0 {
  box-sizing: border-box;
  height: 32px;
  position: relative;
  width: 32px;
  opacity: 0.7;
}

.c0 > div {
  -webkit-animation: eeCuoj 2s infinite ease-in-out;
  animation: eeCuoj 2s infinite ease-in-out;
  background-color: #2E2E2E;
  border-radius: 50%;
  height: 100%;
  left: 0;
  opacity: 0.7;
  position: absolute;
  top: 0;
  width: 100%;
}

.c0 > div:last-of-type {
  -webkit-animation-delay: -1s;
  animation-delay: -1s;
}

<div
  class="c0"
  opacity="0.7"
  size="32"
  speed="2"
>
  <div />
  <div />
</div>
`;
