// Jest Snapshot v1, https://goo.gl/fbAQLP

exports[`Paragraph should render properly 1`] = `
Array [
  .c1 {
  box-sizing: border-box;
  margin: 0;
}

.c1 + .c0 {
  margin-top: 8px;
}

<Paragraph
    as="p"
  >
    <p
      className="c0 c1"
    >
      Far far away, behind the word mountains, far from the countries Vokalia and Consonantia, there live the blind texts.
    </p>
  </Paragraph>,
  .c1 {
  box-sizing: border-box;
  margin: 0;
}

.c1 + .c0 {
  margin-top: 8px;
}

<Paragraph
    as="p"
  >
    <p
      className="c0 c1"
    >
      Separated they live in Bookmarksgrove right at the coast of the Semantics, a large language ocean. A small river named Duden flows by their place and supplies it with the necessary regelialia. It is a paradisematic country, in which roasted parts of sentences fly into your mouth.
    </p>
  </Paragraph>,
]
`;
