// Jest Snapshot v1, https://goo.gl/fbAQLP

exports[`Radio should render properly 1`] = `
.c2 {
  left: 0;
  opacity: 0;
  position: absolute;
  top: 0;
  z-index: -1;
}

.c5 {
  font-size: 16px;
}

.c4 {
  box-sizing: border-box;
  border-radius: 50%;
  background-color: #2E2E2E;
  border: 1px solid #2E2E2E;
  color: #fff;
  display: -webkit-inline-box;
  display: -webkit-inline-flex;
  display: -ms-inline-flexbox;
  display: inline-flex;
  height: 16px;
  margin-right: 6px;
  position: relative;
  -webkit-transition: background-color 0.2s,border-color 0.2s;
  transition: background-color 0.2s,border-color 0.2s;
  width: 16px;
}

.c4:after {
  content: '';
  display: none;
  position: absolute;
  left: 50%;
  top: 50%;
  background-color: #fff;
  border-radius: 50%;
  height: 6px;
  -webkit-transform: translate(-50%,-50%);
  -ms-transform: translate(-50%,-50%);
  transform: translate(-50%,-50%);
  width: 6px;
}

input:checked ~ .c4:after {
  display: inline-block;
}

input:disabled ~ .c4 {
  opacity: 0.6;
}

input:not(:checked) ~ .c4 {
  background-color: #f7f8f9;
  border-color: #ccc;
}

input:not(:checked):disabled ~ .c4 {
  background-color: #ccc;
}

.c0 {
  -webkit-align-items: center;
  -webkit-box-align: center;
  -ms-flex-align: center;
  align-items: center;
  cursor: pointer;
  display: -webkit-box;
  display: -webkit-flex;
  display: -ms-flexbox;
  display: flex;
  margin-bottom: 8px;
  position: relative;
}

.c0:focus .c1:not(:checked) ~ .c3,
.c0:hover .c1:not(:checked) ~ .c3 {
  background-color: #ccc;
}

.c0:focus .c1:not(:disabled):checked ~ .c3,
.c0:hover .c1:not(:disabled):checked ~ .c3 {
  background-color: #949494;
  border-color: #949494;
}

<label
  class="c0"
>
  <input
    class="c1 c2"
    name="test"
    type="radio"
    value="1"
  />
  <span
    aria-checked="false"
    class="c3 c4"
    role="radio"
  />
  <span
    class="c5"
  >
    Radio
  </span>
</label>
`;
