// Jest Snapshot v1, https://goo.gl/fbAQLP

exports[`Screen should render properly 1`] = `
.c0 {
  box-sizing: border-box;
  min-height: 100vh;
}

<Screen
  minHeight="100vh"
>
  <div
    className="c0"
  >
    Far far away
  </div>
</Screen>
`;
