// Jest Snapshot v1, https://goo.gl/fbAQLP

exports[`Text should render properly 1`] = `
Array [
  .c0 {
  box-sizing: border-box;
}

<Text
    as="span"
  >
    <span
      className="c0"
    >
      Far far away, behind the word mountains, 
    </span>
  </Text>,
  .c0 {
  box-sizing: border-box;
}

<Text
    as="span"
  >
    <span
      className="c0"
    >
      far from the countries Vokalia and Consonantia, there live the blind texts.
    </span>
  </Text>,
]
`;
