// Jest Snapshot v1, https://goo.gl/fbAQLP

exports[`UL should render properly 1`] = `
.c0 {
  box-sizing: border-box;
  border: 1px solid #ccc;
  border-radius: 3px;
  display: -webkit-box;
  display: -webkit-flex;
  display: -ms-flexbox;
  display: flex;
  -webkit-flex-direction: column;
  -ms-flex-direction: column;
  flex-direction: column;
  -webkit-flex-wrap: nowrap;
  -ms-flex-wrap: nowrap;
  flex-wrap: nowrap;
  margin: 0;
  padding: 0;
  list-style-type: none;
}

.c0 > li {
  line-height: 1.2;
  padding: 12px;
}

.c0 > li + li {
  border-top: 1px solid #ccc;
}

<ul
  class="c0"
>
  <li>
    Far far away, behind the word mountains, far from the countries Vokalia and Consonantia, there live the blind texts.
  </li>
  <li>
    Morbi leo risus
  </li>
  <li>
    Porta ac consectetur ac
  </li>
  <li>
    Vestibulum at eros
  </li>
</ul>
`;
